  per-subset source fps in use:
     ACCAD                     30.00  (16 clips)
     BMLhandball               30.00  (4 clips)
     BMLmovi                   30.00  (102 clips)
     BioMotionLab_NTroje       15.00  (11 clips)
     CMU                       15.00  (169 clips)
     DFaust_67                 15.00  (9 clips)
     EKUT                      25.00  (14 clips)
     Eyes_Japan_Dataset        15.00  (93 clips)
     HumanEva                  15.00  (2 clips)
     KIT                       25.00  (348 clips)
     MPI_HDM05                 15.00  (28 clips)
     MPI_mosh                  15.00  (8 clips)
     SFU                       15.00  (4 clips)
     SSM_synced                15.00  (2 clips)
     TotalCapture              15.00  (4 clips)
     Transitions_mocap         15.00  (7 clips)
loading OMG representation (exp=100m) ...
You are using the default legacy behaviour of the <class 'transformers.models.t5.tokenization_t5.T5Tokenizer'>. This is expected, and simply means that the `legacy` (previous) behavior will be used so nothing changes for you. If you want to use the new behaviour, set `legacy=False`. This should only be set if you understand what it means, and thoroughly read the reason why this was added as explained in https://github.com/huggingface/transformers/pull/24565
821 clips from 617 source files (each downloaded/decoded once)
  round-trip: {'root_pos': 6.891787052154541e-08, 'root_quat': 1.1920928955078125e-07, 'joints': 0.0}
  [   500/617 sources] ok=589 windows=1,142

1,370 windows from 710 clips -> /workspace/data/amass_g1_omg125/val
  {'ok': 710, 'clamped': 398, 'short': 27, 'start_past_end': 84}
  distinct hi_1 captions: 701 over 1,370 windows (1.95 windows/caption)
  windows with >=2 hindi captions: 1,368 (99.9%)
  per-subset source fps in use:
     ACCAD                     30.00  (21 clips)
     BMLhandball               30.00  (4 clips)
     BMLmovi                   30.00  (107 clips)
     BioMotionLab_NTroje       15.00  (11 clips)
     CMU                       15.00  (161 clips)
     DFaust_67                 15.00  (10 clips)
     EKUT                      25.00  (13 clips)
     Eyes_Japan_Dataset        15.00  (96 clips)
     HumanEva                  15.00  (2 clips)
     KIT                       25.00  (358 clips)
     MPI_HDM05                 15.00  (28 clips)
     MPI_mosh                  15.00  (11 clips)
     SFU                       15.00  (4 clips)
     SSM_synced                15.00  (2 clips)
     TotalCapture              15.00  (6 clips)
     Transitions_mocap         15.00  (7 clips)
loading OMG representation (exp=100m) ...
You are using the default legacy behaviour of the <class 'transformers.models.t5.tokenization_t5.T5Tokenizer'>. This is expected, and simply means that the `legacy` (previous) behavior will be used so nothing changes for you. If you want to use the new behaviour, set `legacy=False`. This should only be set if you understand what it means, and thoroughly read the reason why this was added as explained in https://github.com/huggingface/transformers/pull/24565
841 clips from 633 source files (each downloaded/decoded once)
  round-trip: {'root_pos': 2.384185791015625e-07, 'root_quat': 2.980232238769531e-07, 'joints': 0.0}
  [   500/633 sources] ok=581 windows=1,122

1,394 windows from 722 clips -> /workspace/data/amass_g1_omg125/test
  {'ok': 722, 'clamped': 375, 'start_past_end': 89, 'short': 30}
  distinct hi_1 captions: 709 over 1,394 windows (1.97 windows/caption)
  windows with >=2 hindi captions: 1,392 (99.9%)
  per-subset source fps in use:
     ACCAD                     30.00  (205 clips)
     BMLhandball               30.00  (54 clips)
     BMLmovi                   30.00  (1,480 clips)
     BioMotionLab_NTroje       15.00  (292 clips)
     CMU                       15.00  (2,259 clips)
     DFaust_67                 15.00  (107 clips)
     EKUT                      25.00  (301 clips)
     Eyes_Japan_Dataset        15.00  (1,180 clips)
     HumanEva                  15.00  (44 clips)
     KIT                       25.00  (3,534 clips)
     MPI_HDM05                 15.00  (672 clips)
     MPI_mosh                  15.00  (94 clips)
     SFU                       15.00  (56 clips)
     SSM_synced                15.00  (16 clips)
     TotalCapture              15.00  (58 clips)
     Transitions_mocap         15.00  (87 clips)
loading OMG representation (exp=100m) ...
You are using the default legacy behaviour of the <class 'transformers.models.t5.tokenization_t5.T5Tokenizer'>. This is expected, and simply means that the `legacy` (previous) behavior will be used so nothing changes for you. If you want to use the new behaviour, set `legacy=False`. This should only be set if you understand what it means, and thoroughly read the reason why this was added as explained in https://github.com/huggingface/transformers/pull/24565
10,439 clips from 8,260 source files (each downloaded/decoded once)
  round-trip: {'root_pos': 5.960464477539063e-08, 'root_quat': 5.960464477539063e-08, 'joints': 0.0}
  [   500/8,260 sources] ok=617 windows=1,187
  [ 1,000/8,260 sources] ok=1,221 windows=2,350
  [ 1,500/8,260 sources] ok=1,797 windows=3,462
  [ 2,000/8,260 sources] ok=2,399 windows=4,618
  [ 2,500/8,260 sources] ok=3,000 windows=5,778
  [ 3,000/8,260 sources] ok=3,587 windows=6,908
  [ 3,500/8,260 sources] ok=4,161 windows=8,013
  [ 4,000/8,260 sources] ok=4,749 windows=9,148
  [ 4,500/8,260 sources] ok=5,312 windows=10,235
  [ 5,000/8,260 sources] ok=5,869 windows=11,302
  [ 5,500/8,260 sources] ok=6,423 windows=12,362
  [ 6,000/8,260 sources] ok=6,962 windows=13,391
  [ 6,500/8,260 sources] ok=7,493 windows=14,414
  [ 7,000/8,260 sources] ok=8,019 windows=15,428
  [ 7,500/8,260 sources] ok=8,536 windows=16,419
  [ 8,000/8,260 sources] ok=9,049 windows=17,396

17,904 windows from 9,312 clips -> /workspace/data/amass_g1_omg125/train
  {'ok': 9312, 'clamped': 4181, 'start_past_end': 865, 'short': 262}
  distinct hi_1 captions: 8,518 over 17,904 windows (2.10 windows/caption)
  windows with >=2 hindi captions: 17,892 (99.9%)
CONVERT_ALL_DONE
